[INFO] Mon Aug  6 22:17:04 2018
Hello World! :)
[INFO] Mon Aug  6 22:18:01 2018
Hello World! :)
[INFO] Mon Aug  6 22:20:06 2018
Testing INFO         ...OK
[OK]Mon Aug  6 22:20:06 2018
Testing SUCCESS   ...OK
[WARNING]Mon Aug  6 22:20:06 2018
Testing WARNING   ...OK
[ERROR] Mon Aug  6 22:20:06 2018
Testing ERROR       ...OK
